{"level":"error","message":"Sensor já cadastrado! - /api/sensors - ::1 "}
{"level":"error","message":"Token Inválido! - /api/sensors - ::1 "}
{"level":"error","message":"Token Inválido! - /api/sensors - ::1 "}
{"level":"error","message":"Token Inválido! - /api/login - ::1 "}
{"level":"error","message":"Token Inválido! - /api/login - ::1 "}
{"level":"error","message":"Token Inválido! - /api/login - ::1 "}
{"level":"error","message":"Cannot read properties of undefined (reading 'autService') - /api/login - ::1 "}
{"level":"error","message":"Cannot read properties of undefined (reading 'autService') - /api/login - ::1 "}
{"level":"error","message":"Cannot read properties of undefined (reading 'autService') - /api/login - ::1 "}
{"level":"error","message":"Cannot read properties of undefined (reading 'autService') - /api/login - ::1 "}
{"level":"error","message":"Credências Inválidas - /api/login - ::1 "}
{"level":"error","message":"Credências Inválidas - /api/login - ::1 "}
{"level":"error","message":"Illegal arguments: undefined, string - /api/login - ::1 "}
{"level":"error","message":"Credências Inválidas - /api/login - ::1 "}
{"level":"error","message":"null value in column \"tokenhash\" of relation \"refreshtoken\" violates not-null constraint - /api/login - ::1 "}
{"level":"error","message":"null value in column \"tokenhash\" of relation \"refreshtoken\" violates not-null constraint - /api/login - ::1 "}
{"level":"error","message":"null value in column \"tokenhash\" of relation \"refreshtoken\" violates not-null constraint - /api/login - ::1 "}
{"level":"error","message":"Unexpected token '~', \"~,.çlmmkfn\"... is not valid JSON - /api/sensors - ::1 "}
{"level":"error","message":"Unexpected token '~', \"~,.çlmmkfn\"... is not valid JSON - /api/sensors - ::1 "}
{"level":"error","message":"Token Inválido! - /api/sensors - ::1 "}
{"level":"error","message":"Token Inválido! - /api/sensors - ::1 "}
{"level":"error","message":"Token Inválido! - /api/sensors - ::1 "}
{"level":"error","message":"Token Inválido! - /api/sensors - ::1 "}
{"level":"error","message":"Token Inválido! - /api/sensors - ::1 "}
{"level":"error","message":"Illegal arguments: undefined, string - /api/login - ::1 "}
{"level":"error","message":"Illegal arguments: undefined, string - /api/login - ::1 "}
{"level":"error","message":"Illegal arguments: undefined, string - /api/login - ::1 "}
{"level":"error","message":"Illegal arguments: undefined, string - /api/login - ::1 "}
{"level":"error","message":"Illegal arguments: undefined, string - /api/login - ::1 "}
{"level":"error","message":"Illegal arguments: undefined, string - /api/login - ::1 "}
{"level":"error","message":"Illegal arguments: undefined, string - /api/login - ::1 "}
{"level":"error","message":"Illegal arguments: undefined, string - /api/login - ::1 "}
{"level":"error","message":"Illegal arguments: undefined, string - /api/login - ::1 "}
{"level":"error","message":"Token Inválido! - /api/areas - ::1 "}
{"level":"error","message":"jwt must be provided - /api/refresh - ::1 "}
{"level":"error","message":"Token Inválido! - /api/areas - ::1 "}
{"level":"error","message":"jwt must be provided - /api/refresh - ::1 "}
{"level":"error","message":"Token Inválido! - /api/areas - ::1 "}
{"level":"error","message":"jwt must be provided - /api/refresh - ::1 "}
{"level":"error","message":"Token Inválido! - /api/areas - ::1 "}
{"level":"error","message":"jwt must be provided - /api/refresh - ::1 "}
{"level":"error","message":"Token Inválido! - /api/areas - ::1 "}
{"level":"error","message":"jwt must be provided - /api/refresh - ::1 "}
{"level":"error","message":"Token Inválido! - /api/areas - ::1 "}
{"level":"error","message":"jwt must be provided - /api/refresh - ::1 "}
{"level":"error","message":"Token Inválido! - /api/areas - ::1 "}
{"level":"error","message":"jwt must be provided - /api/refresh - ::1 "}
{"level":"error","message":"Token Inválido! - /api/areas - ::1 "}
{"level":"error","message":"jwt must be provided - /api/refresh - ::1 "}
{"level":"error","message":"Token Inválido! - /api/areas - ::1 "}
{"level":"error","message":"jwt must be provided - /api/refresh - ::1 "}
{"level":"error","message":"Token Inválido! - /api/areas - ::1 "}
{"level":"error","message":"jwt malformed - /api/refresh - ::1 "}
{"level":"error","message":"Token Inválido! - /api/areas - ::1 "}
{"level":"error","message":"jwt malformed - /api/refresh - ::1 "}
{"level":"error","message":"Token Inválido! - /api/areas - ::1 "}
{"level":"error","message":"jwt malformed - /api/refresh - ::1 "}
{"level":"error","message":"Token Inválido! - /api/areas - ::1 "}
{"level":"error","message":"jwt malformed - /api/refresh - ::1 "}
{"level":"error","message":"Token Inválido! - /api/areas - ::1 "}
{"level":"error","message":"Token Inválido! - /api/areas - ::1 "}
{"level":"error","message":"Token Inválido! - /api/areas - ::1 "}
{"level":"error","message":"Token inválido - /api/refresh - ::1 "}
{"level":"error","message":"Token inválido - /api/refresh - ::1 "}
{"level":"error","message":"Token inválido - /api/refresh - ::1 "}
{"level":"error","message":"Token inválido - /api/refresh - ::1 "}
{"level":"error","message":"Token inválido - /api/refresh - ::1 "}
{"level":"error","message":"Token inválido - /api/refresh - ::1 "}
{"level":"error","message":"Token inválido - /api/refresh - ::1 "}
{"level":"error","message":"Token inválido - /api/refresh - ::1 "}
{"level":"error","message":"Token inválido - /api/refresh - ::1 "}
{"level":"error","message":"Token inválido - /api/refresh - ::1 "}
{"level":"error","message":"Token inválido - /api/refresh - ::1 "}
{"level":"error","message":"Token inválido - /api/refresh - ::1 "}
{"level":"error","message":"Token inválido - /api/refresh - ::1 "}
{"level":"error","message":"Token inválido - /api/refresh - ::1 "}
{"level":"error","message":"Token inválido - /api/refresh - ::1 "}
{"level":"error","message":"Token inválido - /api/refresh - ::1 "}
{"level":"error","message":"Token inválido - /api/refresh - ::1 "}
{"level":"error","message":"Token inválido - /api/refresh - ::1 "}
{"level":"error","message":"Token inválido - /api/refresh - ::1 "}
{"level":"error","message":"Token inválido - /api/refresh - ::1 "}
{"level":"error","message":"Token inválido - /api/refresh - ::1 "}
{"level":"error","message":"Token inválido - /api/refresh - ::1 "}
{"level":"error","message":"Token inválido - /api/refresh - ::1 "}
{"level":"error","message":"Token inválido - /api/refresh - ::1 "}
{"level":"error","message":"Token inválido - /api/refresh - ::1 "}
{"level":"error","message":"Token inválido - /api/refresh - ::1 "}
{"level":"error","message":"Token inválido - /api/refresh - ::1 "}
{"level":"error","message":"Token inválido - /api/refresh - ::1 "}
{"level":"error","message":"Token inválido - /api/refresh - ::1 "}
{"level":"error","message":"Token inválido - /api/refresh - ::1 "}
{"level":"error","message":"Token inválido - /api/refresh - ::1 "}
{"level":"error","message":"Token inválido - /api/refresh - ::1 "}
{"level":"error","message":"Token inválido - /api/refresh - ::1 "}
{"level":"error","message":"Token inválido - /api/refresh - ::1 "}
{"level":"error","message":"Token inválido - /api/refresh - ::1 "}
{"level":"error","message":"Token inválido - /api/refresh - ::1 "}
{"level":"error","message":"Token inválido - /api/refresh - ::1 "}
{"level":"error","message":"Token inválido - /api/refresh - ::1 "}
{"level":"error","message":"Token inválido - /api/refresh - ::1 "}
{"level":"error","message":"Token inválido - /api/refresh - ::1 "}
{"level":"error","message":"Token inválido - /api/refresh - ::1 "}
{"level":"error","message":"Token inválido - /api/refresh - ::1 "}
{"level":"error","message":"Token inválido - /api/refresh - ::1 "}
{"level":"error","message":"Token inválido - /api/refresh - ::1 "}
{"level":"error","message":"Token inválido - /api/refresh - ::1 "}
{"level":"error","message":"Token inválido - /api/refresh - ::1 "}
{"level":"error","message":"Token inválido - /api/refresh - ::1 "}
{"level":"error","message":"Token inválido - /api/refresh - ::1 "}
{"level":"error","message":"Token inválido - /api/refresh - ::1 "}
{"level":"error","message":"Token inválido - /api/refresh - ::1 "}
{"level":"error","message":"Token inválido - /api/refresh - ::1 "}
{"level":"error","message":"Token inválido - /api/refresh - ::1 "}
{"level":"error","message":"Token inválido - /api/refresh - ::1 "}
{"level":"error","message":"Token inválido - /api/refresh - ::1 "}
{"level":"error","message":"Token inválido - /api/refresh - ::1 "}
{"level":"error","message":"Token inválido - /api/refresh - ::1 "}
{"level":"error","message":"Token inválido - /api/refresh - ::1 "}
{"level":"error","message":"Token inválido - /api/refresh - ::1 "}
{"level":"error","message":"Token inválido - /api/refresh - ::1 "}
{"level":"error","message":"Token inválido - /api/refresh - ::1 "}
{"level":"error","message":"Token inválido - /api/refresh - ::1 "}
{"level":"error","message":"Token inválido - /api/refresh - ::1 "}
{"level":"error","message":"Token inválido - /api/refresh - ::1 "}
{"level":"error","message":"Token inválido - /api/refresh - ::1 "}
{"level":"error","message":"Token inválido - /api/refresh - ::1 "}
{"level":"error","message":"Token inválido - /api/refresh - ::1 "}
{"level":"error","message":"Token inválido - /api/refresh - ::1 "}
{"level":"error","message":"Token inválido - /api/refresh - ::1 "}
{"level":"error","message":"Token inválido - /api/refresh - ::1 "}
{"level":"error","message":"Token inválido - /api/refresh - ::1 "}
{"level":"error","message":"Token inválido - /api/refresh - ::1 "}
{"level":"error","message":"Token inválido - /api/refresh - ::1 "}
{"level":"error","message":"Token inválido - /api/refresh - ::1 "}
{"level":"error","message":"Token inválido - /api/refresh - ::1 "}
{"level":"error","message":"Token inválido - /api/refresh - ::1 "}
{"level":"error","message":"Token inválido - /api/refresh - ::1 "}
{"level":"error","message":"Token inválido - /api/refresh - ::1 "}
{"level":"error","message":"Token inválido - /api/refresh - ::1 "}
{"level":"error","message":"Token inválido - /api/refresh - ::1 "}
{"level":"error","message":"Token inválido - /api/refresh - ::1 "}
{"level":"error","message":"Token inválido - /api/refresh - ::1 "}
{"level":"error","message":"Token inválido - /api/refresh - ::1 "}
{"level":"error","message":"Token inválido - /api/refresh - ::1 "}
{"level":"error","message":"Token inválido - /api/refresh - ::1 "}
{"level":"error","message":"Token inválido - /api/refresh - ::1 "}
{"level":"error","message":"Token inválido - /api/refresh - ::1 "}
{"level":"error","message":"Token inválido - /api/refresh - ::1 "}
{"level":"error","message":"Token inválido - /api/refresh - ::1 "}
{"level":"error","message":"Token inválido - /api/refresh - ::1 "}
{"level":"error","message":"Token inválido - /api/refresh - ::1 "}
{"level":"error","message":"Token inválido - /api/refresh - ::1 "}
{"level":"error","message":"Token inválido - /api/refresh - ::1 "}
{"level":"error","message":"Token Inválido! - /api/areas - ::1 "}
{"level":"error","message":"Token inválido - /api/refresh - ::1 "}
{"level":"error","message":"Token inválido - /api/refresh - ::1 "}
{"level":"error","message":"Token inválido - /api/refresh - ::1 "}
{"level":"error","message":"Token inválido - /api/refresh - ::1 "}
{"level":"error","message":"Token inválido - /api/refresh - ::1 "}
{"level":"error","message":"Token inválido - /api/refresh - ::1 "}
{"level":"error","message":"Token inválido - /api/refresh - ::1 "}
{"level":"error","message":"Token inválido - /api/refresh - ::1 "}
{"level":"error","message":"Token inválido - /api/refresh - ::1 "}
{"level":"error","message":"Token inválido - /api/refresh - ::1 "}
{"level":"error","message":"Token inválido - /api/refresh - ::1 "}
{"level":"error","message":"Token inválido - /api/refresh - ::1 "}
{"level":"error","message":"Token inválido - /api/refresh - ::1 "}
{"level":"error","message":"Token inválido - /api/refresh - ::1 "}
{"level":"error","message":"Token inválido - /api/refresh - ::1 "}
{"level":"error","message":"Token inválido - /api/refresh - ::1 "}
{"level":"error","message":"Token inválido - /api/refresh - ::1 "}
{"level":"error","message":"Token inválido - /api/refresh - ::1 "}
{"level":"error","message":"Token inválido - /api/refresh - ::1 "}
{"level":"error","message":"Token inválido - /api/refresh - ::1 "}
{"level":"error","message":"Token inválido - /api/refresh - ::1 "}
{"level":"error","message":"Token inválido - /api/refresh - ::1 "}
{"level":"error","message":"Token inválido - /api/refresh - ::1 "}
{"level":"error","message":"Token inválido - /api/refresh - ::1 "}
{"level":"error","message":"Token inválido - /api/refresh - ::1 "}
{"level":"error","message":"Token inválido - /api/refresh - ::1 "}
{"level":"error","message":"Token inválido - /api/refresh - ::1 "}
{"level":"error","message":"Token inválido - /api/refresh - ::1 "}
{"level":"error","message":"Token inválido - /api/refresh - ::1 "}
{"level":"error","message":"Token inválido - /api/refresh - ::1 "}
{"level":"error","message":"Token inválido - /api/refresh - ::1 "}
{"level":"error","message":"Token inválido - /api/refresh - ::1 "}
{"level":"error","message":"Token inválido - /api/refresh - ::1 "}
{"level":"error","message":"Token inválido - /api/refresh - ::1 "}
{"level":"error","message":"Token inválido - /api/refresh - ::1 "}
{"level":"error","message":"Token inválido - /api/refresh - ::1 "}
{"level":"error","message":"Token inválido - /api/refresh - ::1 "}
{"level":"error","message":"Token inválido - /api/refresh - ::1 "}
{"level":"error","message":"Token inválido - /api/refresh - ::1 "}
{"level":"error","message":"Token inválido - /api/refresh - ::1 "}
{"level":"error","message":"Token inválido - /api/refresh - ::1 "}
{"level":"error","message":"Token inválido - /api/refresh - ::1 "}
{"level":"error","message":"Token inválido - /api/refresh - ::1 "}
{"level":"error","message":"Token inválido - /api/refresh - ::1 "}
{"level":"error","message":"Token inválido - /api/refresh - ::1 "}
{"level":"error","message":"Token inválido - /api/refresh - ::1 "}
{"level":"error","message":"Token inválido - /api/refresh - ::1 "}
{"level":"error","message":"Token inválido - /api/refresh - ::1 "}
{"level":"error","message":"Token inválido - /api/refresh - ::1 "}
{"level":"error","message":"Token inválido - /api/refresh - ::1 "}
{"level":"error","message":"Token inválido - /api/refresh - ::1 "}
{"level":"error","message":"Token inválido - /api/refresh - ::1 "}
{"level":"error","message":"Token inválido - /api/refresh - ::1 "}
{"level":"error","message":"Token inválido - /api/refresh - ::1 "}
{"level":"error","message":"Token inválido - /api/refresh - ::1 "}
{"level":"error","message":"Token inválido - /api/refresh - ::1 "}
{"level":"error","message":"Token inválido - /api/refresh - ::1 "}
{"level":"error","message":"Token inválido - /api/refresh - ::1 "}
{"level":"error","message":"Token inválido - /api/refresh - ::1 "}
{"level":"error","message":"Token inválido - /api/refresh - ::1 "}
{"level":"error","message":"Token inválido - /api/refresh - ::1 "}
{"level":"error","message":"Token inválido - /api/refresh - ::1 "}
{"level":"error","message":"Token inválido - /api/refresh - ::1 "}
{"level":"error","message":"Token inválido - /api/refresh - ::1 "}
{"level":"error","message":"Token inválido - /api/refresh - ::1 "}
{"level":"error","message":"Token inválido - /api/refresh - ::1 "}
{"level":"error","message":"Token inválido - /api/refresh - ::1 "}
{"level":"error","message":"Token inválido - /api/refresh - ::1 "}
{"level":"error","message":"Token inválido - /api/refresh - ::1 "}
{"level":"error","message":"Token inválido - /api/refresh - ::1 "}
{"level":"error","message":"Token inválido - /api/refresh - ::1 "}
{"level":"error","message":"Token inválido - /api/refresh - ::1 "}
{"level":"error","message":"Token inválido - /api/refresh - ::1 "}
{"level":"error","message":"Token inválido - /api/refresh - ::1 "}
{"level":"error","message":"Token inválido - /api/refresh - ::1 "}
{"level":"error","message":"Token inválido - /api/refresh - ::1 "}
{"level":"error","message":"Token inválido - /api/refresh - ::1 "}
{"level":"error","message":"Token inválido - /api/refresh - ::1 "}
{"level":"error","message":"Token inválido - /api/refresh - ::1 "}
{"level":"error","message":"Token inválido - /api/refresh - ::1 "}
{"level":"error","message":"Token inválido - /api/refresh - ::1 "}
{"level":"error","message":"Token inválido - /api/refresh - ::1 "}
{"level":"error","message":"Token inválido - /api/refresh - ::1 "}
{"level":"error","message":"Token inválido - /api/refresh - ::1 "}
{"level":"error","message":"Token inválido - /api/refresh - ::1 "}
{"level":"error","message":"Token inválido - /api/refresh - ::1 "}
{"level":"error","message":"Token inválido - /api/refresh - ::1 "}
{"level":"error","message":"Token inválido - /api/refresh - ::1 "}
{"level":"error","message":"Token inválido - /api/refresh - ::1 "}
{"level":"error","message":"Token inválido - /api/refresh - ::1 "}
{"level":"error","message":"Token inválido - /api/refresh - ::1 "}
{"level":"error","message":"Token inválido - /api/refresh - ::1 "}
{"level":"error","message":"Token inválido - /api/refresh - ::1 "}
{"level":"error","message":"Token inválido - /api/refresh - ::1 "}
{"level":"error","message":"Token inválido - /api/refresh - ::1 "}
{"level":"error","message":"Token inválido - /api/refresh - ::1 "}
{"level":"error","message":"Token inválido - /api/refresh - ::1 "}
{"level":"error","message":"Token Inválido! - /api/areas - ::1 "}
{"level":"error","message":"Token inválido - /api/refresh - ::1 "}
{"level":"error","message":"Token inválido - /api/refresh - ::1 "}
{"level":"error","message":"Token inválido - /api/refresh - ::1 "}
{"level":"error","message":"Token inválido - /api/refresh - ::1 "}
{"level":"error","message":"Token inválido - /api/refresh - ::1 "}
{"level":"error","message":"Token inválido - /api/refresh - ::1 "}
{"level":"error","message":"Token inválido - /api/refresh - ::1 "}
{"level":"error","message":"Token inválido - /api/refresh - ::1 "}
{"level":"error","message":"Token inválido - /api/refresh - ::1 "}
{"level":"error","message":"Token inválido - /api/refresh - ::1 "}
{"level":"error","message":"Token inválido - /api/refresh - ::1 "}
{"level":"error","message":"Token inválido - /api/refresh - ::1 "}
{"level":"error","message":"Token inválido - /api/refresh - ::1 "}
{"level":"error","message":"Token inválido - /api/refresh - ::1 "}
{"level":"error","message":"Token inválido - /api/refresh - ::1 "}
{"level":"error","message":"Token inválido - /api/refresh - ::1 "}
{"level":"error","message":"Token inválido - /api/refresh - ::1 "}
{"level":"error","message":"Token inválido - /api/refresh - ::1 "}
{"level":"error","message":"Token inválido - /api/refresh - ::1 "}
{"level":"error","message":"Token inválido - /api/refresh - ::1 "}
{"level":"error","message":"Token inválido - /api/refresh - ::1 "}
{"level":"error","message":"Token inválido - /api/refresh - ::1 "}
{"level":"error","message":"Token inválido - /api/refresh - ::1 "}
{"level":"error","message":"Token inválido - /api/refresh - ::1 "}
{"level":"error","message":"Token inválido - /api/refresh - ::1 "}
{"level":"error","message":"Token inválido - /api/refresh - ::1 "}
{"level":"error","message":"Token inválido - /api/refresh - ::1 "}
{"level":"error","message":"Token inválido - /api/refresh - ::1 "}
{"level":"error","message":"Token inválido - /api/refresh - ::1 "}
{"level":"error","message":"Token inválido - /api/refresh - ::1 "}
{"level":"error","message":"Token inválido - /api/refresh - ::1 "}
{"level":"error","message":"Token inválido - /api/refresh - ::1 "}
{"level":"error","message":"Token inválido - /api/refresh - ::1 "}
{"level":"error","message":"Token inválido - /api/refresh - ::1 "}
{"level":"error","message":"Token inválido - /api/refresh - ::1 "}
{"level":"error","message":"Token inválido - /api/refresh - ::1 "}
{"level":"error","message":"Token inválido - /api/refresh - ::1 "}
{"level":"error","message":"Token inválido - /api/refresh - ::1 "}
{"level":"error","message":"Token inválido - /api/refresh - ::1 "}
{"level":"error","message":"Token inválido - /api/refresh - ::1 "}
{"level":"error","message":"Token inválido - /api/refresh - ::1 "}
{"level":"error","message":"Token inválido - /api/refresh - ::1 "}
{"level":"error","message":"Token inválido - /api/refresh - ::1 "}
{"level":"error","message":"Token inválido - /api/refresh - ::1 "}
{"level":"error","message":"Token inválido - /api/refresh - ::1 "}
{"level":"error","message":"Token inválido - /api/refresh - ::1 "}
{"level":"error","message":"Token inválido - /api/refresh - ::1 "}
{"level":"error","message":"Token inválido - /api/refresh - ::1 "}
{"level":"error","message":"Token inválido - /api/refresh - ::1 "}
{"level":"error","message":"Token inválido - /api/refresh - ::1 "}
{"level":"error","message":"Token inválido - /api/refresh - ::1 "}
{"level":"error","message":"Token inválido - /api/refresh - ::1 "}
{"level":"error","message":"Token inválido - /api/refresh - ::1 "}
{"level":"error","message":"Token inválido - /api/refresh - ::1 "}
{"level":"error","message":"Token inválido - /api/refresh - ::1 "}
{"level":"error","message":"Token inválido - /api/refresh - ::1 "}
{"level":"error","message":"Token inválido - /api/refresh - ::1 "}
{"level":"error","message":"Token inválido - /api/refresh - ::1 "}
{"level":"error","message":"Token inválido - /api/refresh - ::1 "}
{"level":"error","message":"Token inválido - /api/refresh - ::1 "}
{"level":"error","message":"Token inválido - /api/refresh - ::1 "}
{"level":"error","message":"Token inválido - /api/refresh - ::1 "}
{"level":"error","message":"Token inválido - /api/refresh - ::1 "}
{"level":"error","message":"Token inválido - /api/refresh - ::1 "}
{"level":"error","message":"Token inválido - /api/refresh - ::1 "}
{"level":"error","message":"Token inválido - /api/refresh - ::1 "}
{"level":"error","message":"Token inválido - /api/refresh - ::1 "}
{"level":"error","message":"Token inválido - /api/refresh - ::1 "}
{"level":"error","message":"Token inválido - /api/refresh - ::1 "}
{"level":"error","message":"Token inválido - /api/refresh - ::1 "}
{"level":"error","message":"Token inválido - /api/refresh - ::1 "}
{"level":"error","message":"Token inválido - /api/refresh - ::1 "}
{"level":"error","message":"Token inválido - /api/refresh - ::1 "}
{"level":"error","message":"Token inválido - /api/refresh - ::1 "}
{"level":"error","message":"Token inválido - /api/refresh - ::1 "}
{"level":"error","message":"Token inválido - /api/refresh - ::1 "}
{"level":"error","message":"Token inválido - /api/refresh - ::1 "}
{"level":"error","message":"Token inválido - /api/refresh - ::1 "}
{"level":"error","message":"Token inválido - /api/refresh - ::1 "}
{"level":"error","message":"Token inválido - /api/refresh - ::1 "}
{"level":"error","message":"Token inválido - /api/refresh - ::1 "}
{"level":"error","message":"Token inválido - /api/refresh - ::1 "}
{"level":"error","message":"Token inválido - /api/refresh - ::1 "}
{"level":"error","message":"Token inválido - /api/refresh - ::1 "}
{"level":"error","message":"Token inválido - /api/refresh - ::1 "}
{"level":"error","message":"Token inválido - /api/refresh - ::1 "}
{"level":"error","message":"Token inválido - /api/refresh - ::1 "}
{"level":"error","message":"Token inválido - /api/refresh - ::1 "}
{"level":"error","message":"Token inválido - /api/refresh - ::1 "}
{"level":"error","message":"Token inválido - /api/refresh - ::1 "}
{"level":"error","message":"Token inválido - /api/refresh - ::1 "}
{"level":"error","message":"Token inválido - /api/refresh - ::1 "}
{"level":"error","message":"Token inválido - /api/refresh - ::1 "}
{"level":"error","message":"Token inválido - /api/refresh - ::1 "}
{"level":"error","message":"Token inválido - /api/refresh - ::1 "}
{"level":"error","message":"Token inválido - /api/refresh - ::1 "}
{"level":"error","message":"Token inválido - /api/refresh - ::1 "}
{"level":"error","message":"Token Inválido! - /api/area - ::1 "}
{"level":"error","message":"Token Inválido! - /api/area - ::1 "}
{"level":"error","message":"Token Inválido! - /api/area - ::1 "}
{"level":"error","message":"Token inválido - /api/refresh - ::1 "}
{"level":"error","message":"Token inválido - /api/refresh - ::1 "}
{"level":"error","message":"Token inválido - /api/refresh - ::1 "}
{"level":"error","message":"Token inválido - /api/refresh - ::1 "}
{"level":"error","message":"Token inválido - /api/refresh - ::1 "}
{"level":"error","message":"Token inválido - /api/refresh - ::1 "}
{"level":"error","message":"Token inválido - /api/refresh - ::1 "}
{"level":"error","message":"Token inválido - /api/refresh - ::1 "}
{"level":"error","message":"Token inválido - /api/refresh - ::1 "}
{"level":"error","message":"Token inválido - /api/refresh - ::1 "}
{"level":"error","message":"Token inválido - /api/refresh - ::1 "}
{"level":"error","message":"Token inválido - /api/refresh - ::1 "}
{"level":"error","message":"Token inválido - /api/refresh - ::1 "}
{"level":"error","message":"Token inválido - /api/refresh - ::1 "}
{"level":"error","message":"Token inválido - /api/refresh - ::1 "}
{"level":"error","message":"Token inválido - /api/refresh - ::1 "}
{"level":"error","message":"Token inválido - /api/refresh - ::1 "}
{"level":"error","message":"Token inválido - /api/refresh - ::1 "}
{"level":"error","message":"Token inválido - /api/refresh - ::1 "}
{"level":"error","message":"Token inválido - /api/refresh - ::1 "}
{"level":"error","message":"Token inválido - /api/refresh - ::1 "}
{"level":"error","message":"Token inválido - /api/refresh - ::1 "}
{"level":"error","message":"Token inválido - /api/refresh - ::1 "}
{"level":"error","message":"Token inválido - /api/refresh - ::1 "}
{"level":"error","message":"Token inválido - /api/refresh - ::1 "}
{"level":"error","message":"Token inválido - /api/refresh - ::1 "}
{"level":"error","message":"Token inválido - /api/refresh - ::1 "}
{"level":"error","message":"Token inválido - /api/refresh - ::1 "}
{"level":"error","message":"Token inválido - /api/refresh - ::1 "}
{"level":"error","message":"Token inválido - /api/refresh - ::1 "}
{"level":"error","message":"Token inválido - /api/refresh - ::1 "}
{"level":"error","message":"Token inválido - /api/refresh - ::1 "}
{"level":"error","message":"Token inválido - /api/refresh - ::1 "}
{"level":"error","message":"Token inválido - /api/refresh - ::1 "}
{"level":"error","message":"Token inválido - /api/refresh - ::1 "}
{"level":"error","message":"Token inválido - /api/refresh - ::1 "}
{"level":"error","message":"Token inválido - /api/refresh - ::1 "}
{"level":"error","message":"Token inválido - /api/refresh - ::1 "}
{"level":"error","message":"Token inválido - /api/refresh - ::1 "}
{"level":"error","message":"Token inválido - /api/refresh - ::1 "}
{"level":"error","message":"Token inválido - /api/refresh - ::1 "}
{"level":"error","message":"Token inválido - /api/refresh - ::1 "}
{"level":"error","message":"Token inválido - /api/refresh - ::1 "}
{"level":"error","message":"Token inválido - /api/refresh - ::1 "}
{"level":"error","message":"Token inválido - /api/refresh - ::1 "}
{"level":"error","message":"Token inválido - /api/refresh - ::1 "}
{"level":"error","message":"Token inválido - /api/refresh - ::1 "}
{"level":"error","message":"Token inválido - /api/refresh - ::1 "}
{"level":"error","message":"Token inválido - /api/refresh - ::1 "}
{"level":"error","message":"Token inválido - /api/refresh - ::1 "}
{"level":"error","message":"Token inválido - /api/refresh - ::1 "}
{"level":"error","message":"Token inválido - /api/refresh - ::1 "}
{"level":"error","message":"Token inválido - /api/refresh - ::1 "}
{"level":"error","message":"Token inválido - /api/refresh - ::1 "}
{"level":"error","message":"Token inválido - /api/refresh - ::1 "}
{"level":"error","message":"Token inválido - /api/refresh - ::1 "}
{"level":"error","message":"Token inválido - /api/refresh - ::1 "}
{"level":"error","message":"Token inválido - /api/refresh - ::1 "}
{"level":"error","message":"Token inválido - /api/refresh - ::1 "}
{"level":"error","message":"Token inválido - /api/refresh - ::1 "}
{"level":"error","message":"Token inválido - /api/refresh - ::1 "}
{"level":"error","message":"Token inválido - /api/refresh - ::1 "}
{"level":"error","message":"Token inválido - /api/refresh - ::1 "}
{"level":"error","message":"Token inválido - /api/refresh - ::1 "}
{"level":"error","message":"Token inválido - /api/refresh - ::1 "}
{"level":"error","message":"Token inválido - /api/refresh - ::1 "}
{"level":"error","message":"Token inválido - /api/refresh - ::1 "}
{"level":"error","message":"Token inválido - /api/refresh - ::1 "}
{"level":"error","message":"Token inválido - /api/refresh - ::1 "}
{"level":"error","message":"Token inválido - /api/refresh - ::1 "}
{"level":"error","message":"Token inválido - /api/refresh - ::1 "}
{"level":"error","message":"Token inválido - /api/refresh - ::1 "}
{"level":"error","message":"Token inválido - /api/refresh - ::1 "}
{"level":"error","message":"Token inválido - /api/refresh - ::1 "}
{"level":"error","message":"Token inválido - /api/refresh - ::1 "}
{"level":"error","message":"Token inválido - /api/refresh - ::1 "}
{"level":"error","message":"Token inválido - /api/refresh - ::1 "}
{"level":"error","message":"Token inválido - /api/refresh - ::1 "}
{"level":"error","message":"Token inválido - /api/refresh - ::1 "}
{"level":"error","message":"Token inválido - /api/refresh - ::1 "}
{"level":"error","message":"Token inválido - /api/refresh - ::1 "}
{"level":"error","message":"Token inválido - /api/refresh - ::1 "}
{"level":"error","message":"Token inválido - /api/refresh - ::1 "}
{"level":"error","message":"Token inválido - /api/refresh - ::1 "}
{"level":"error","message":"Token inválido - /api/refresh - ::1 "}
{"level":"error","message":"Token inválido - /api/refresh - ::1 "}
{"level":"error","message":"Token inválido - /api/refresh - ::1 "}
{"level":"error","message":"Token inválido - /api/refresh - ::1 "}
{"level":"error","message":"Token inválido - /api/refresh - ::1 "}
{"level":"error","message":"Token inválido - /api/refresh - ::1 "}
{"level":"error","message":"Token inválido - /api/refresh - ::1 "}
{"level":"error","message":"Token inválido - /api/refresh - ::1 "}
{"level":"error","message":"Token Inválido! - /api/area - ::1 "}
{"level":"error","message":"Token inválido - /api/refresh - ::1 "}
{"level":"error","message":"Token inválido - /api/refresh - ::1 "}
{"level":"error","message":"Token inválido - /api/refresh - ::1 "}
{"level":"error","message":"Token inválido - /api/refresh - ::1 "}
{"level":"error","message":"Token inválido - /api/refresh - ::1 "}
{"level":"error","message":"Token inválido - /api/refresh - ::1 "}
{"level":"error","message":"Token inválido - /api/refresh - ::1 "}
{"level":"error","message":"Token inválido - /api/refresh - ::1 "}
{"level":"error","message":"Token inválido - /api/refresh - ::1 "}
{"level":"error","message":"Token inválido - /api/refresh - ::1 "}
{"level":"error","message":"Token inválido - /api/refresh - ::1 "}
{"level":"error","message":"Token inválido - /api/refresh - ::1 "}
{"level":"error","message":"Token inválido - /api/refresh - ::1 "}
{"level":"error","message":"Token inválido - /api/refresh - ::1 "}
{"level":"error","message":"Token inválido - /api/refresh - ::1 "}
{"level":"error","message":"Token inválido - /api/refresh - ::1 "}
{"level":"error","message":"Token inválido - /api/refresh - ::1 "}
{"level":"error","message":"Token inválido - /api/refresh - ::1 "}
{"level":"error","message":"Token inválido - /api/refresh - ::1 "}
{"level":"error","message":"Token inválido - /api/refresh - ::1 "}
{"level":"error","message":"Token inválido - /api/refresh - ::1 "}
{"level":"error","message":"Token inválido - /api/refresh - ::1 "}
{"level":"error","message":"Token inválido - /api/refresh - ::1 "}
{"level":"error","message":"Token inválido - /api/refresh - ::1 "}
{"level":"error","message":"Token inválido - /api/refresh - ::1 "}
{"level":"error","message":"Token inválido - /api/refresh - ::1 "}
{"level":"error","message":"Token inválido - /api/refresh - ::1 "}
{"level":"error","message":"Token inválido - /api/refresh - ::1 "}
{"level":"error","message":"Token inválido - /api/refresh - ::1 "}
{"level":"error","message":"Token inválido - /api/refresh - ::1 "}
{"level":"error","message":"Token inválido - /api/refresh - ::1 "}
{"level":"error","message":"Token inválido - /api/refresh - ::1 "}
{"level":"error","message":"Token inválido - /api/refresh - ::1 "}
{"level":"error","message":"Token inválido - /api/refresh - ::1 "}
{"level":"error","message":"Token inválido - /api/refresh - ::1 "}
{"level":"error","message":"Token inválido - /api/refresh - ::1 "}
{"level":"error","message":"Token inválido - /api/refresh - ::1 "}
{"level":"error","message":"Token inválido - /api/refresh - ::1 "}
{"level":"error","message":"Token inválido - /api/refresh - ::1 "}
{"level":"error","message":"Token inválido - /api/refresh - ::1 "}
{"level":"error","message":"Token inválido - /api/refresh - ::1 "}
{"level":"error","message":"Token inválido - /api/refresh - ::1 "}
{"level":"error","message":"Token inválido - /api/refresh - ::1 "}
{"level":"error","message":"Token inválido - /api/refresh - ::1 "}
{"level":"error","message":"Token inválido - /api/refresh - ::1 "}
{"level":"error","message":"Token inválido - /api/refresh - ::1 "}
{"level":"error","message":"Token inválido - /api/refresh - ::1 "}
{"level":"error","message":"Token inválido - /api/refresh - ::1 "}
{"level":"error","message":"Token inválido - /api/refresh - ::1 "}
{"level":"error","message":"Token inválido - /api/refresh - ::1 "}
{"level":"error","message":"Token inválido - /api/refresh - ::1 "}
{"level":"error","message":"Token inválido - /api/refresh - ::1 "}
{"level":"error","message":"Token inválido - /api/refresh - ::1 "}
{"level":"error","message":"Token inválido - /api/refresh - ::1 "}
{"level":"error","message":"Token inválido - /api/refresh - ::1 "}
{"level":"error","message":"Token inválido - /api/refresh - ::1 "}
{"level":"error","message":"Token inválido - /api/refresh - ::1 "}
{"level":"error","message":"Token inválido - /api/refresh - ::1 "}
{"level":"error","message":"Token inválido - /api/refresh - ::1 "}
{"level":"error","message":"Token inválido - /api/refresh - ::1 "}
{"level":"error","message":"Token inválido - /api/refresh - ::1 "}
{"level":"error","message":"Token inválido - /api/refresh - ::1 "}
{"level":"error","message":"Token inválido - /api/refresh - ::1 "}
{"level":"error","message":"Token inválido - /api/refresh - ::1 "}
{"level":"error","message":"Token inválido - /api/refresh - ::1 "}
{"level":"error","message":"Token inválido - /api/refresh - ::1 "}
{"level":"error","message":"Token inválido - /api/refresh - ::1 "}
{"level":"error","message":"Token inválido - /api/refresh - ::1 "}
{"level":"error","message":"Token inválido - /api/refresh - ::1 "}
{"level":"error","message":"Token inválido - /api/refresh - ::1 "}
{"level":"error","message":"Token inválido - /api/refresh - ::1 "}
{"level":"error","message":"Token inválido - /api/refresh - ::1 "}
{"level":"error","message":"Token inválido - /api/refresh - ::1 "}
{"level":"error","message":"Token inválido - /api/refresh - ::1 "}
{"level":"error","message":"Token inválido - /api/refresh - ::1 "}
{"level":"error","message":"Token inválido - /api/refresh - ::1 "}
{"level":"error","message":"Token inválido - /api/refresh - ::1 "}
{"level":"error","message":"Token inválido - /api/refresh - ::1 "}
{"level":"error","message":"Token inválido - /api/refresh - ::1 "}
{"level":"error","message":"Token inválido - /api/refresh - ::1 "}
{"level":"error","message":"Token inválido - /api/refresh - ::1 "}
{"level":"error","message":"Token inválido - /api/refresh - ::1 "}
{"level":"error","message":"Token inválido - /api/refresh - ::1 "}
{"level":"error","message":"Token inválido - /api/refresh - ::1 "}
{"level":"error","message":"Token inválido - /api/refresh - ::1 "}
{"level":"error","message":"Token inválido - /api/refresh - ::1 "}
{"level":"error","message":"Token inválido - /api/refresh - ::1 "}
{"level":"error","message":"Token inválido - /api/refresh - ::1 "}
{"level":"error","message":"Token inválido - /api/refresh - ::1 "}
{"level":"error","message":"Token inválido - /api/refresh - ::1 "}
{"level":"error","message":"Token inválido - /api/refresh - ::1 "}
{"level":"error","message":"Token inválido - /api/refresh - ::1 "}
{"level":"error","message":"Token inválido - /api/refresh - ::1 "}
{"level":"error","message":"Token inválido - /api/refresh - ::1 "}
{"level":"error","message":"Token inválido - /api/refresh - ::1 "}
{"level":"error","message":"Token inválido - /api/refresh - ::1 "}
{"level":"error","message":"Token inválido - /api/refresh - ::1 "}
{"level":"error","message":"Token Inválido! - /api/area - ::1 "}
{"level":"error","message":"Token inválido - /api/refresh - ::1 "}
{"level":"error","message":"Token inválido - /api/refresh - ::1 "}
{"level":"error","message":"Token inválido - /api/refresh - ::1 "}
{"level":"error","message":"Token inválido - /api/refresh - ::1 "}
{"level":"error","message":"Token inválido - /api/refresh - ::1 "}
{"level":"error","message":"Token inválido - /api/refresh - ::1 "}
{"level":"error","message":"Token inválido - /api/refresh - ::1 "}
{"level":"error","message":"Token inválido - /api/refresh - ::1 "}
{"level":"error","message":"Token inválido - /api/refresh - ::1 "}
{"level":"error","message":"Token inválido - /api/refresh - ::1 "}
{"level":"error","message":"Token inválido - /api/refresh - ::1 "}
{"level":"error","message":"Token inválido - /api/refresh - ::1 "}
{"level":"error","message":"Token inválido - /api/refresh - ::1 "}
{"level":"error","message":"Token inválido - /api/refresh - ::1 "}
{"level":"error","message":"Token inválido - /api/refresh - ::1 "}
{"level":"error","message":"Token inválido - /api/refresh - ::1 "}
{"level":"error","message":"Token inválido - /api/refresh - ::1 "}
{"level":"error","message":"Token inválido - /api/refresh - ::1 "}
{"level":"error","message":"Token inválido - /api/refresh - ::1 "}
{"level":"error","message":"Token inválido - /api/refresh - ::1 "}
{"level":"error","message":"Token inválido - /api/refresh - ::1 "}
{"level":"error","message":"Token inválido - /api/refresh - ::1 "}
{"level":"error","message":"Token inválido - /api/refresh - ::1 "}
{"level":"error","message":"Token inválido - /api/refresh - ::1 "}
{"level":"error","message":"Token inválido - /api/refresh - ::1 "}
{"level":"error","message":"Token inválido - /api/refresh - ::1 "}
{"level":"error","message":"Token inválido - /api/refresh - ::1 "}
{"level":"error","message":"Token inválido - /api/refresh - ::1 "}
{"level":"error","message":"Token inválido - /api/refresh - ::1 "}
{"level":"error","message":"Token inválido - /api/refresh - ::1 "}
{"level":"error","message":"Token inválido - /api/refresh - ::1 "}
{"level":"error","message":"Token inválido - /api/refresh - ::1 "}
{"level":"error","message":"Token inválido - /api/refresh - ::1 "}
{"level":"error","message":"Token inválido - /api/refresh - ::1 "}
{"level":"error","message":"Token inválido - /api/refresh - ::1 "}
{"level":"error","message":"Token inválido - /api/refresh - ::1 "}
{"level":"error","message":"Token inválido - /api/refresh - ::1 "}
{"level":"error","message":"Token inválido - /api/refresh - ::1 "}
{"level":"error","message":"Token inválido - /api/refresh - ::1 "}
{"level":"error","message":"Token inválido - /api/refresh - ::1 "}
{"level":"error","message":"Token inválido - /api/refresh - ::1 "}
{"level":"error","message":"Token inválido - /api/refresh - ::1 "}
{"level":"error","message":"Token inválido - /api/refresh - ::1 "}
{"level":"error","message":"Token inválido - /api/refresh - ::1 "}
{"level":"error","message":"Token inválido - /api/refresh - ::1 "}
{"level":"error","message":"Token inválido - /api/refresh - ::1 "}
{"level":"error","message":"Token inválido - /api/refresh - ::1 "}
{"level":"error","message":"Token inválido - /api/refresh - ::1 "}
{"level":"error","message":"Token inválido - /api/refresh - ::1 "}
{"level":"error","message":"Token inválido - /api/refresh - ::1 "}
{"level":"error","message":"Token inválido - /api/refresh - ::1 "}
{"level":"error","message":"Token inválido - /api/refresh - ::1 "}
{"level":"error","message":"Token inválido - /api/refresh - ::1 "}
{"level":"error","message":"Token inválido - /api/refresh - ::1 "}
{"level":"error","message":"Token inválido - /api/refresh - ::1 "}
{"level":"error","message":"Token inválido - /api/refresh - ::1 "}
{"level":"error","message":"Token inválido - /api/refresh - ::1 "}
{"level":"error","message":"Token inválido - /api/refresh - ::1 "}
{"level":"error","message":"Token inválido - /api/refresh - ::1 "}
{"level":"error","message":"Token inválido - /api/refresh - ::1 "}
{"level":"error","message":"Token inválido - /api/refresh - ::1 "}
{"level":"error","message":"Token inválido - /api/refresh - ::1 "}
{"level":"error","message":"Token inválido - /api/refresh - ::1 "}
{"level":"error","message":"Token inválido - /api/refresh - ::1 "}
{"level":"error","message":"Token inválido - /api/refresh - ::1 "}
{"level":"error","message":"Token inválido - /api/refresh - ::1 "}
{"level":"error","message":"Token inválido - /api/refresh - ::1 "}
{"level":"error","message":"Token inválido - /api/refresh - ::1 "}
{"level":"error","message":"Token inválido - /api/refresh - ::1 "}
{"level":"error","message":"Token inválido - /api/refresh - ::1 "}
{"level":"error","message":"Token inválido - /api/refresh - ::1 "}
{"level":"error","message":"Token inválido - /api/refresh - ::1 "}
{"level":"error","message":"Token inválido - /api/refresh - ::1 "}
{"level":"error","message":"Token inválido - /api/refresh - ::1 "}
{"level":"error","message":"Token inválido - /api/refresh - ::1 "}
{"level":"error","message":"Token inválido - /api/refresh - ::1 "}
{"level":"error","message":"Token inválido - /api/refresh - ::1 "}
{"level":"error","message":"Token inválido - /api/refresh - ::1 "}
{"level":"error","message":"Token inválido - /api/refresh - ::1 "}
{"level":"error","message":"Token inválido - /api/refresh - ::1 "}
{"level":"error","message":"Token inválido - /api/refresh - ::1 "}
{"level":"error","message":"Token inválido - /api/refresh - ::1 "}
{"level":"error","message":"Token inválido - /api/refresh - ::1 "}
{"level":"error","message":"Token inválido - /api/refresh - ::1 "}
{"level":"error","message":"Token inválido - /api/refresh - ::1 "}
{"level":"error","message":"Token inválido - /api/refresh - ::1 "}
{"level":"error","message":"Token inválido - /api/refresh - ::1 "}
{"level":"error","message":"Token inválido - /api/refresh - ::1 "}
{"level":"error","message":"Token inválido - /api/refresh - ::1 "}
{"level":"error","message":"Token inválido - /api/refresh - ::1 "}
{"level":"error","message":"Token inválido - /api/refresh - ::1 "}
{"level":"error","message":"Token inválido - /api/refresh - ::1 "}
{"level":"error","message":"Token inválido - /api/refresh - ::1 "}
{"level":"error","message":"Token inválido - /api/refresh - ::1 "}
{"level":"error","message":"Token inválido - /api/refresh - ::1 "}
{"level":"error","message":"Token inválido - /api/refresh - ::1 "}
{"level":"error","message":"Token inválido - /api/refresh - ::1 "}
{"level":"error","message":"Token Inválido! - /api/area - ::1 "}
{"level":"error","message":"Token Inválido! - /api/area - ::1 "}
{"level":"error","message":"Token Inválido! - /api/area - ::1 "}
{"level":"error","message":"Token inválido - /api/refresh - ::1 "}
{"level":"error","message":"Token inválido - /api/refresh - ::1 "}
{"level":"error","message":"Token inválido - /api/refresh - ::1 "}
{"level":"error","message":"Token inválido - /api/refresh - ::1 "}
{"level":"error","message":"Token inválido - /api/refresh - ::1 "}
{"level":"error","message":"Token inválido - /api/refresh - ::1 "}
{"level":"error","message":"Token inválido - /api/refresh - ::1 "}
{"level":"error","message":"Token inválido - /api/refresh - ::1 "}
{"level":"error","message":"Token inválido - /api/refresh - ::1 "}
{"level":"error","message":"Token inválido - /api/refresh - ::1 "}
{"level":"error","message":"Token inválido - /api/refresh - ::1 "}
{"level":"error","message":"Token inválido - /api/refresh - ::1 "}
{"level":"error","message":"Token inválido - /api/refresh - ::1 "}
{"level":"error","message":"Token inválido - /api/refresh - ::1 "}
{"level":"error","message":"Token inválido - /api/refresh - ::1 "}
{"level":"error","message":"Token inválido - /api/refresh - ::1 "}
{"level":"error","message":"Token inválido - /api/refresh - ::1 "}
{"level":"error","message":"Token inválido - /api/refresh - ::1 "}
{"level":"error","message":"Token inválido - /api/refresh - ::1 "}
{"level":"error","message":"Token inválido - /api/refresh - ::1 "}
{"level":"error","message":"Token inválido - /api/refresh - ::1 "}
{"level":"error","message":"Token inválido - /api/refresh - ::1 "}
{"level":"error","message":"Token inválido - /api/refresh - ::1 "}
{"level":"error","message":"Token inválido - /api/refresh - ::1 "}
{"level":"error","message":"Token inválido - /api/refresh - ::1 "}
{"level":"error","message":"Token inválido - /api/refresh - ::1 "}
{"level":"error","message":"Token inválido - /api/refresh - ::1 "}
{"level":"error","message":"Token inválido - /api/refresh - ::1 "}
{"level":"error","message":"Token inválido - /api/refresh - ::1 "}
{"level":"error","message":"Token inválido - /api/refresh - ::1 "}
{"level":"error","message":"Token inválido - /api/refresh - ::1 "}
{"level":"error","message":"Token inválido - /api/refresh - ::1 "}
{"level":"error","message":"Token inválido - /api/refresh - ::1 "}
{"level":"error","message":"Token inválido - /api/refresh - ::1 "}
{"level":"error","message":"Token inválido - /api/refresh - ::1 "}
{"level":"error","message":"Token inválido - /api/refresh - ::1 "}
{"level":"error","message":"Token inválido - /api/refresh - ::1 "}
{"level":"error","message":"Token inválido - /api/refresh - ::1 "}
{"level":"error","message":"Token inválido - /api/refresh - ::1 "}
{"level":"error","message":"Token inválido - /api/refresh - ::1 "}
{"level":"error","message":"Token inválido - /api/refresh - ::1 "}
{"level":"error","message":"Token inválido - /api/refresh - ::1 "}
{"level":"error","message":"Token inválido - /api/refresh - ::1 "}
{"level":"error","message":"Token inválido - /api/refresh - ::1 "}
{"level":"error","message":"Token inválido - /api/refresh - ::1 "}
{"level":"error","message":"Token inválido - /api/refresh - ::1 "}
{"level":"error","message":"Token inválido - /api/refresh - ::1 "}
{"level":"error","message":"Token inválido - /api/refresh - ::1 "}
{"level":"error","message":"Token inválido - /api/refresh - ::1 "}
{"level":"error","message":"Token inválido - /api/refresh - ::1 "}
{"level":"error","message":"Token inválido - /api/refresh - ::1 "}
{"level":"error","message":"Token inválido - /api/refresh - ::1 "}
{"level":"error","message":"Token inválido - /api/refresh - ::1 "}
{"level":"error","message":"Token inválido - /api/refresh - ::1 "}
{"level":"error","message":"Token inválido - /api/refresh - ::1 "}
{"level":"error","message":"Token inválido - /api/refresh - ::1 "}
{"level":"error","message":"Token inválido - /api/refresh - ::1 "}
{"level":"error","message":"Token inválido - /api/refresh - ::1 "}
{"level":"error","message":"Token inválido - /api/refresh - ::1 "}
{"level":"error","message":"Token inválido - /api/refresh - ::1 "}
{"level":"error","message":"Token inválido - /api/refresh - ::1 "}
{"level":"error","message":"Token inválido - /api/refresh - ::1 "}
{"level":"error","message":"Token inválido - /api/refresh - ::1 "}
{"level":"error","message":"Token inválido - /api/refresh - ::1 "}
{"level":"error","message":"Token inválido - /api/refresh - ::1 "}
{"level":"error","message":"Token inválido - /api/refresh - ::1 "}
{"level":"error","message":"Token inválido - /api/refresh - ::1 "}
{"level":"error","message":"Token inválido - /api/refresh - ::1 "}
{"level":"error","message":"Token inválido - /api/refresh - ::1 "}
{"level":"error","message":"Token inválido - /api/refresh - ::1 "}
{"level":"error","message":"Token inválido - /api/refresh - ::1 "}
{"level":"error","message":"Token inválido - /api/refresh - ::1 "}
{"level":"error","message":"Token inválido - /api/refresh - ::1 "}
{"level":"error","message":"Token inválido - /api/refresh - ::1 "}
{"level":"error","message":"Token inválido - /api/refresh - ::1 "}
{"level":"error","message":"Token inválido - /api/refresh - ::1 "}
{"level":"error","message":"Token inválido - /api/refresh - ::1 "}
{"level":"error","message":"Token inválido - /api/refresh - ::1 "}
{"level":"error","message":"Token inválido - /api/refresh - ::1 "}
{"level":"error","message":"Token inválido - /api/refresh - ::1 "}
{"level":"error","message":"Token inválido - /api/refresh - ::1 "}
{"level":"error","message":"Token inválido - /api/refresh - ::1 "}
{"level":"error","message":"Token inválido - /api/refresh - ::1 "}
{"level":"error","message":"Token inválido - /api/refresh - ::1 "}
{"level":"error","message":"Token inválido - /api/refresh - ::1 "}
{"level":"error","message":"Token inválido - /api/refresh - ::1 "}
{"level":"error","message":"Token inválido - /api/refresh - ::1 "}
{"level":"error","message":"Token inválido - /api/refresh - ::1 "}
{"level":"error","message":"Token inválido - /api/refresh - ::1 "}
{"level":"error","message":"Token inválido - /api/refresh - ::1 "}
{"level":"error","message":"Token inválido - /api/refresh - ::1 "}
{"level":"error","message":"Token inválido - /api/refresh - ::1 "}
{"level":"error","message":"Token Inválido! - /api/sensors - ::1 "}
{"level":"error","message":"Token Inválido! - /api/sensors - ::1 "}
{"level":"error","message":"Token Inválido! - /api/area - ::1 "}
{"level":"error","message":"Token Inválido! - /api/area - ::1 "}
{"level":"error","message":"Token Inválido! - /api/sensors - ::1 "}
{"level":"error","message":"Token Inválido! - /api/sensors - ::1 "}
{"level":"error","message":"Token Inválido! - /api/area - ::1 "}
{"level":"error","message":"Token inválido - /api/refresh - ::1 "}
{"level":"error","message":"Token inválido - /api/refresh - ::1 "}
{"level":"error","message":"Token inválido - /api/refresh - ::1 "}
{"level":"error","message":"Token inválido - /api/refresh - ::1 "}
{"level":"error","message":"Token inválido - /api/refresh - ::1 "}
{"level":"error","message":"Token inválido - /api/refresh - ::1 "}
{"level":"error","message":"Token inválido - /api/refresh - ::1 "}
{"level":"error","message":"Token inválido - /api/refresh - ::1 "}
{"level":"error","message":"Token inválido - /api/refresh - ::1 "}
{"level":"error","message":"Token inválido - /api/refresh - ::1 "}
{"level":"error","message":"Token inválido - /api/refresh - ::1 "}
{"level":"error","message":"Token inválido - /api/refresh - ::1 "}
{"level":"error","message":"Token inválido - /api/refresh - ::1 "}
{"level":"error","message":"Token inválido - /api/refresh - ::1 "}
{"level":"error","message":"Token inválido - /api/refresh - ::1 "}
{"level":"error","message":"Token inválido - /api/refresh - ::1 "}
{"level":"error","message":"Token inválido - /api/refresh - ::1 "}
{"level":"error","message":"Token inválido - /api/refresh - ::1 "}
{"level":"error","message":"Token inválido - /api/refresh - ::1 "}
{"level":"error","message":"Token inválido - /api/refresh - ::1 "}
{"level":"error","message":"Token inválido - /api/refresh - ::1 "}
{"level":"error","message":"Token inválido - /api/refresh - ::1 "}
{"level":"error","message":"Token inválido - /api/refresh - ::1 "}
{"level":"error","message":"Token inválido - /api/refresh - ::1 "}
{"level":"error","message":"Token inválido - /api/refresh - ::1 "}
{"level":"error","message":"Token inválido - /api/refresh - ::1 "}
{"level":"error","message":"Token inválido - /api/refresh - ::1 "}
{"level":"error","message":"Token inválido - /api/refresh - ::1 "}
{"level":"error","message":"Token inválido - /api/refresh - ::1 "}
{"level":"error","message":"Token inválido - /api/refresh - ::1 "}
{"level":"error","message":"Token inválido - /api/refresh - ::1 "}
{"level":"error","message":"Token inválido - /api/refresh - ::1 "}
{"level":"error","message":"Token inválido - /api/refresh - ::1 "}
{"level":"error","message":"Token inválido - /api/refresh - ::1 "}
{"level":"error","message":"Token inválido - /api/refresh - ::1 "}
{"level":"error","message":"Token inválido - /api/refresh - ::1 "}
{"level":"error","message":"Token inválido - /api/refresh - ::1 "}
{"level":"error","message":"Token inválido - /api/refresh - ::1 "}
{"level":"error","message":"Token inválido - /api/refresh - ::1 "}
{"level":"error","message":"Token inválido - /api/refresh - ::1 "}
{"level":"error","message":"Token inválido - /api/refresh - ::1 "}
{"level":"error","message":"Token inválido - /api/refresh - ::1 "}
{"level":"error","message":"Token inválido - /api/refresh - ::1 "}
{"level":"error","message":"Token inválido - /api/refresh - ::1 "}
{"level":"error","message":"Token inválido - /api/refresh - ::1 "}
{"level":"error","message":"Token inválido - /api/refresh - ::1 "}
{"level":"error","message":"Token inválido - /api/refresh - ::1 "}
{"level":"error","message":"Token inválido - /api/refresh - ::1 "}
{"level":"error","message":"Token inválido - /api/refresh - ::1 "}
{"level":"error","message":"Token inválido - /api/refresh - ::1 "}
{"level":"error","message":"Token inválido - /api/refresh - ::1 "}
{"level":"error","message":"Token inválido - /api/refresh - ::1 "}
{"level":"error","message":"Token inválido - /api/refresh - ::1 "}
{"level":"error","message":"Token inválido - /api/refresh - ::1 "}
{"level":"error","message":"Token inválido - /api/refresh - ::1 "}
{"level":"error","message":"Token inválido - /api/refresh - ::1 "}
{"level":"error","message":"Token inválido - /api/refresh - ::1 "}
{"level":"error","message":"Token inválido - /api/refresh - ::1 "}
{"level":"error","message":"Token inválido - /api/refresh - ::1 "}
{"level":"error","message":"Token inválido - /api/refresh - ::1 "}
{"level":"error","message":"Token inválido - /api/refresh - ::1 "}
{"level":"error","message":"Token inválido - /api/refresh - ::1 "}
{"level":"error","message":"Token inválido - /api/refresh - ::1 "}
{"level":"error","message":"Token inválido - /api/refresh - ::1 "}
{"level":"error","message":"Token inválido - /api/refresh - ::1 "}
{"level":"error","message":"Token inválido - /api/refresh - ::1 "}
{"level":"error","message":"Token inválido - /api/refresh - ::1 "}
{"level":"error","message":"Token inválido - /api/refresh - ::1 "}
{"level":"error","message":"Token inválido - /api/refresh - ::1 "}
{"level":"error","message":"Token inválido - /api/refresh - ::1 "}
{"level":"error","message":"Token inválido - /api/refresh - ::1 "}
{"level":"error","message":"Token inválido - /api/refresh - ::1 "}
{"level":"error","message":"Token inválido - /api/refresh - ::1 "}
{"level":"error","message":"Token inválido - /api/refresh - ::1 "}
{"level":"error","message":"Token inválido - /api/refresh - ::1 "}
{"level":"error","message":"Token inválido - /api/refresh - ::1 "}
{"level":"error","message":"Token inválido - /api/refresh - ::1 "}
{"level":"error","message":"Token inválido - /api/refresh - ::1 "}
{"level":"error","message":"Token inválido - /api/refresh - ::1 "}
{"level":"error","message":"Token inválido - /api/refresh - ::1 "}
{"level":"error","message":"Token inválido - /api/refresh - ::1 "}
{"level":"error","message":"Token inválido - /api/refresh - ::1 "}
{"level":"error","message":"Token inválido - /api/refresh - ::1 "}
{"level":"error","message":"Token inválido - /api/refresh - ::1 "}
{"level":"error","message":"Token inválido - /api/refresh - ::1 "}
{"level":"error","message":"Token inválido - /api/refresh - ::1 "}
{"level":"error","message":"Cannot perform update query because update values are not defined. Call \"qb.set(...)\" method to specify updated values. - /api/leitura - ::1 "}
{"level":"error","message":"Cannot perform update query because update values are not defined. Call \"qb.set(...)\" method to specify updated values. - /api/leitura - ::1 "}
{"level":"error","message":"Cannot perform update query because update values are not defined. Call \"qb.set(...)\" method to specify updated values. - /api/leitura - ::1 "}
{"level":"error","message":"Sensor com este Serial Number já cadastrado! - /api/sensors - ::1 "}
{"level":"error","message":"Leitura não encontrada - /api/leitura/90d3edf4-0d99-4f3d-a3b8-fa089f414fd0 - ::1 "}
{"level":"error","message":"Leitura não encontrada - /api/leitura/90d3edf4-0d99-4f3d-a3b8-fa089f414fd0 - ::1 "}
{"level":"error","message":"Token Inválido! - /api/area - ::1 "}
{"level":"error","message":"Token inválido - /api/refresh - ::1 "}
{"level":"error","message":"Credênciais Inválidas - /api/login - ::1 "}
{"level":"error","message":"jwt must be provided - /api/refresh - ::1 "}
{"level":"error","message":"Token Inválido! - /api/area - ::1 "}
{"level":"error","message":"Relation with property path sensor in entity was not found. - /api/area/leituras/90d3edf4-0d99-4f3d-a3b8-fa089f414fd0 - ::1 "}
{"level":"error","message":"Token Inválido! - /api/area - ::1 "}
{"level":"error","message":"Token Inválido! - /api/area - ::1 "}
{"level":"error","message":"Token Inválido! - /api/area - ::1 "}
{"level":"error","message":"Token Inválido! - /api/area - ::1 "}
{"level":"error","message":"Token Inválido! - /api/area - ::1 "}
{"level":"error","message":"Token Inválido! - /api/area - ::1 "}
{"level":"error","message":"Property \"sensor\" was not found in \"Area\". Make sure your query is correct. - /api/area/sensor/90d3edf4-0d99-4f3d-a3b8-fa089f414fd0 - ::1 "}
{"level":"error","message":"Property \"sensor\" was not found in \"Area\". Make sure your query is correct. - /api/area/sensor/90d3edf4-0d99-4f3d-a3b8-fa089f414fd0 - ::1 "}
{"level":"error","message":"Property \"sensor\" was not found in \"Area\". Make sure your query is correct. - /api/area - ::1 "}
{"level":"error","message":"Property \"sensor\" was not found in \"Area\". Make sure your query is correct. - /api/area - ::1 "}
{"level":"error","message":"invalid input syntax for type uuid: \"0d3edf4-0d99-4f3d-a3b8-fa089f414fd0\" - /api/area/0d3edf4-0d99-4f3d-a3b8-fa089f414fd0 - ::1 "}
{"level":"error","message":"invalid input syntax for type uuid: \"0d3edf4-0d99-4f3d-a3b8-fa089f414fd0\" - /api/area/0d3edf4-0d99-4f3d-a3b8-fa089f414fd0 - ::1 "}
{"level":"error","message":"Cannot read properties of undefined (reading 'filter') - /api/area/sensor/90d3edf4-0d99-4f3d-a3b8-fa089f414fd0 - ::1 "}
{"level":"error","message":"Cannot read properties of undefined (reading 'filter') - /api/area/sensor/90d3edf4-0d99-4f3d-a3b8-fa089f414fd0 - ::1 "}
{"level":"error","message":"Cannot read properties of undefined (reading 'filter') - /api/area/sensor/90d3edf4-0d99-4f3d-a3b8-fa089f414fd0 - ::1 "}
{"level":"error","message":"invalid input syntax for type uuid: \"0d3edf4-0d99-4f3d-a3b8-fa089f414fd0\" - /api/area/0d3edf4-0d99-4f3d-a3b8-fa089f414fd0 - ::1 "}
{"level":"error","message":"invalid input syntax for type uuid: \"0d3edf4-0d99-4f3d-a3b8-fa089f414fd0\" - /api/area/0d3edf4-0d99-4f3d-a3b8-fa089f414fd0 - ::1 "}
{"level":"error","message":"Cannot read properties of undefined (reading 'filter') - /api/area/sensor/90d3edf4-0d99-4f3d-a3b8-fa089f414fd0 - ::1 "}
{"level":"error","message":"Cannot read properties of undefined (reading 'filter') - /api/area/sensor/90d3edf4-0d99-4f3d-a3b8-fa089f414fd0 - ::1 "}
{"level":"error","message":"Cannot read properties of undefined (reading 'filter') - /api/area/sensor/90d3edf4-0d99-4f3d-a3b8-fa089f414fd0 - ::1 "}
{"level":"error","message":"Cannot read properties of undefined (reading 'filter') - /api/area/sensor/90d3edf4-0d99-4f3d-a3b8-fa089f414fd0 - ::1 "}
{"level":"error","message":"Cannot read properties of undefined (reading 'filter') - /api/area/sensor/90d3edf4-0d99-4f3d-a3b8-fa089f414fd0 - ::1 "}
{"level":"error","message":"Cannot read properties of undefined (reading 'filter') - /api/area/sensor/90d3edf4-0d99-4f3d-a3b8-fa089f414fd0 - ::1 "}
{"level":"error","message":"Cannot read properties of undefined (reading 'trim') - /api/area/sensor/90d3edf4-0d99-4f3d-a3b8-fa089f414fd0 - ::1 "}
{"level":"error","message":"Cannot read properties of undefined (reading 'trim') - /api/area/sensor/90d3edf4-0d99-4f3d-a3b8-fa089f414fd0 - ::1 "}
{"level":"error","message":"Cannot read properties of undefined (reading 'trim') - /api/area/sensor/90d3edf4-0d99-4f3d-a3b8-fa089f414fd0 - ::1 "}
{"level":"error","message":"Cannot read properties of undefined (reading 'trim') - /api/area/sensor/90d3edf4-0d99-4f3d-a3b8-fa089f414fd0 - ::1 "}
{"level":"error","message":"Cannot read properties of undefined (reading 'trim') - /api/area/sensor/90d3edf4-0d99-4f3d-a3b8-fa089f414fd0 - ::1 "}
{"level":"error","message":"No metadata for \"Area\" was found. - /api/area - ::1 "}
{"level":"error","message":"No metadata for \"Pesquisador\" was found. - /api/login - ::1 "}
{"level":"error","message":"No metadata for \"Pesquisador\" was found. - /api/login - ::1 "}
{"level":"error","message":"No metadata for \"Pesquisador\" was found. - /api/login - ::1 "}
{"level":"error","message":"No metadata for \"Pesquisador\" was found. - /api/login - ::1 "}
{"level":"error","message":"No metadata for \"Pesquisador\" was found. - /api/login - ::1 "}
{"level":"error","message":"No metadata for \"Pesquisador\" was found. - /api/login - ::1 "}
{"level":"error","message":"No metadata for \"Pesquisador\" was found. - /api/login - ::1 "}
{"level":"error","message":"No metadata for \"Pesquisador\" was found. - /api/login - ::1 "}
{"level":"error","message":"No metadata for \"Pesquisador\" was found. - /api/login - ::1 "}
{"level":"error","message":"No metadata for \"Pesquisador\" was found. - /api/login - ::1 "}
{"level":"error","message":"No metadata for \"Pesquisador\" was found. - /api/login - ::1 "}
{"level":"error","message":"No metadata for \"Pesquisador\" was found. - /api/login - ::1 "}
{"level":"error","message":"No metadata for \"Pesquisador\" was found. - /api/login - ::1 "}
{"level":"error","message":"No metadata for \"Pesquisador\" was found. - /api/login - ::1 "}
{"level":"error","message":"No metadata for \"Pesquisador\" was found. - /api/pesquisador - ::1 "}
{"level":"error","message":"No metadata for \"Pesquisador\" was found. - /api/pesquisador - ::1 "}
{"level":"error","message":"No metadata for \"Pesquisador\" was found. - /api/pesquisador - ::1 "}
{"level":"error","message":"No metadata for \"Pesquisador\" was found. - /api/register - ::1 "}
{"level":"error","message":"No metadata for \"Pesquisador\" was found. - /api/register - ::1 "}
{"level":"error","message":"E-mail ou Matrícula já cadastrados - /api/register - ::1 "}
{"level":"error","message":"Credências Inválidas - /api/login - ::1 "}
{"level":"error","message":"jwt must be provided - /api/refresh - ::1 "}
{"level":"error","message":"E-mail ou Matrícula já cadastrados - /api/register - ::1 "}
{"level":"error","message":"Credências Inválidas - /api/login - ::1 "}
{"level":"error","message":"No metadata for \"Pesquisador\" was found. - /api/login - ::ffff:127.0.0.1 "}
{"level":"error","message":"Credências Inválidas - /api/login - ::ffff:127.0.0.1 "}
{"level":"error","message":"No metadata for \"Pesquisador\" was found. - /api/login - ::ffff:127.0.0.1 "}
{"level":"error","message":"No metadata for \"Pesquisador\" was found. - /api/login - ::ffff:127.0.0.1 "}
{"level":"error","message":"No metadata for \"Pesquisador\" was found. - /api/login - ::ffff:127.0.0.1 "}
{"level":"error","message":"No metadata for \"Pesquisador\" was found. - /api/login - ::ffff:127.0.0.1 "}
{"level":"error","message":"No metadata for \"Pesquisador\" was found. - /api/login - ::ffff:127.0.0.1 "}
{"level":"error","message":"No metadata for \"Pesquisador\" was found. - /api/login - ::ffff:127.0.0.1 "}
{"level":"error","message":"No metadata for \"Pesquisador\" was found. - /api/login - ::ffff:127.0.0.1 "}
{"level":"error","message":"No metadata for \"Pesquisador\" was found. - /api/login - ::ffff:127.0.0.1 "}
{"level":"error","message":"No metadata for \"Pesquisador\" was found. - /api/login - ::ffff:127.0.0.1 "}
{"level":"error","message":"Cannot read properties of undefined (reading 'access') - /api/login - ::ffff:127.0.0.1 "}
{"level":"error","message":"E-mail ou Matrícula já cadastrados - /api/register - ::ffff:127.0.0.1 "}
{"level":"error","message":"Cannot read properties of undefined (reading 'access') - /api/login - ::ffff:127.0.0.1 "}
{"level":"error","message":"No metadata for \"Pesquisador\" was found. - /api/login - ::ffff:127.0.0.1 "}
{"level":"error","message":"No metadata for \"Pesquisador\" was found. - /api/login - ::ffff:127.0.0.1 "}
{"level":"error","message":"No metadata for \"Pesquisador\" was found. - /api/login - ::ffff:127.0.0.1 "}
{"level":"error","message":"No metadata for \"Pesquisador\" was found. - /api/login - ::ffff:127.0.0.1 "}
{"level":"error","message":"No metadata for \"Pesquisador\" was found. - /api/login - ::ffff:127.0.0.1 "}
{"level":"error","message":"No metadata for \"Pesquisador\" was found. - /api/login - ::ffff:127.0.0.1 "}
{"level":"error","message":"Cannot read properties of undefined (reading 'access') - /api/login - ::ffff:127.0.0.1 "}
{"level":"error","message":"Cannot read properties of undefined (reading 'access') - /api/login - ::ffff:127.0.0.1 "}
{"level":"error","message":"E-mail ou Matrícula já cadastrados - /api/register - ::ffff:127.0.0.1 "}
{"level":"error","message":"E-mail ou Matrícula já cadastrados - /api/register - ::ffff:127.0.0.1 "}
{"level":"error","message":"E-mail ou Matrícula já cadastrados - /api/register - ::ffff:127.0.0.1 "}
{"level":"error","message":"E-mail ou Matrícula já cadastrados - /api/register - ::ffff:127.0.0.1 "}
{"level":"error","message":"E-mail ou Matrícula já cadastrados - /api/register - ::ffff:127.0.0.1 "}
{"level":"error","message":"E-mail ou Matrícula já cadastrados - /api/register - ::ffff:127.0.0.1 "}
{"level":"error","message":"Cannot read properties of undefined (reading 'access') - /api/login - ::ffff:127.0.0.1 "}
{"level":"error","message":"Cannot read properties of undefined (reading 'access') - /api/login - ::ffff:127.0.0.1 "}
{"level":"error","message":"Cannot read properties of undefined (reading 'access') - /api/login - ::ffff:127.0.0.1 "}
{"level":"error","message":"Cannot read properties of undefined (reading 'access') - /api/login - ::ffff:127.0.0.1 "}
{"level":"error","message":"Cannot read properties of undefined (reading 'access') - /api/login - ::ffff:127.0.0.1 "}
{"level":"error","message":"No metadata for \"Pesquisador\" was found. - /api/login - ::ffff:127.0.0.1 "}
{"level":"error","message":"No metadata for \"Pesquisador\" was found. - /api/login - ::ffff:127.0.0.1 "}
{"level":"error","message":"Aqui o erro: Área não encontrada - /api/area/00000000-0000-0000-0000-000000000000 - ::ffff:127.0.0.1 "}
{"level":"error","message":"Aqui o erro: Área não encontrada - /api/area/00000000-0000-0000-0000-000000000000 - ::ffff:127.0.0.1 "}
{"level":"error","message":"Aqui o erro: Área não encontrada - /api/area/00000000-0000-0000-0000-000000000000 - ::ffff:127.0.0.1 "}
{"level":"error","message":"Aqui o erro: Área não encontrada - /api/area/761684fa-fb10-4ed0-893b-ddcefd5133d2 - ::ffff:127.0.0.1 "}
{"level":"error","message":"Aqui o erro: jwt must be provided - /api/refresh - ::ffff:127.0.0.1 "}
{"level":"error","message":"Aqui o erro: invalid token - /api/refresh - ::ffff:127.0.0.1 "}
{"level":"error","message":"Aqui o erro: jwt must be provided - /api/refresh - ::ffff:127.0.0.1 "}
{"level":"error","message":"Aqui o erro: Token inválido para logout - /api/logout - ::ffff:127.0.0.1 "}
{"level":"error","message":"Aqui o erro: jwt must be provided - /api/refresh - ::ffff:127.0.0.1 "}
{"level":"error","message":"Aqui o erro: Token inválido para logout - /api/logout - ::ffff:127.0.0.1 "}
{"level":"error","message":"Aqui o erro: Área não encontrada - /api/area/00000000-0000-0000-0000-000000000000 - ::ffff:127.0.0.1 "}
{"level":"error","message":"Aqui o erro: Área não encontrada - /api/area/00000000-0000-0000-0000-000000000000 - ::ffff:127.0.0.1 "}
{"level":"error","message":"Aqui o erro: Área não encontrada - /api/area/00000000-0000-0000-0000-000000000000 - ::ffff:127.0.0.1 "}
{"level":"error","message":"Aqui o erro: Área não encontrada - /api/area/c6934bce-e809-4b29-aa96-17ddd7ffc39b - ::ffff:127.0.0.1 "}
{"level":"error","message":"Aqui o erro: jwt must be provided - /api/refresh - ::ffff:127.0.0.1 "}
{"level":"error","message":"Aqui o erro: invalid token - /api/refresh - ::ffff:127.0.0.1 "}
{"level":"error","message":"Aqui o erro: jwt must be provided - /api/refresh - ::ffff:127.0.0.1 "}
{"level":"error","message":"Aqui o erro: Token inválido para logout - /api/logout - ::ffff:127.0.0.1 "}
{"level":"error","message":"Aqui o erro: jwt must be provided - /api/refresh - ::ffff:127.0.0.1 "}
{"level":"error","message":"Aqui o erro: Token inválido para logout - /api/logout - ::ffff:127.0.0.1 "}
{"level":"error","message":"Aqui o erro: Área não encontrada - /api/area/00000000-0000-0000-0000-000000000000 - ::ffff:127.0.0.1 "}
{"level":"error","message":"Aqui o erro: Área não encontrada - /api/area/00000000-0000-0000-0000-000000000000 - ::ffff:127.0.0.1 "}
{"level":"error","message":"Aqui o erro: Área não encontrada - /api/area/00000000-0000-0000-0000-000000000000 - ::ffff:127.0.0.1 "}
{"level":"error","message":"Aqui o erro: Área não encontrada - /api/area/3f73da78-4aff-4020-9ac5-f89ed103033a - ::ffff:127.0.0.1 "}
{"level":"error","message":"Aqui o erro: jwt must be provided - /api/refresh - ::ffff:127.0.0.1 "}
{"level":"error","message":"Aqui o erro: invalid token - /api/refresh - ::ffff:127.0.0.1 "}
{"level":"error","message":"Aqui o erro: jwt must be provided - /api/refresh - ::ffff:127.0.0.1 "}
{"level":"error","message":"Aqui o erro: Token inválido para logout - /api/logout - ::ffff:127.0.0.1 "}
{"level":"error","message":"Aqui o erro: jwt must be provided - /api/refresh - ::ffff:127.0.0.1 "}
{"level":"error","message":"Aqui o erro: Token inválido para logout - /api/logout - ::ffff:127.0.0.1 "}
{"level":"error","message":"Aqui o erro: Área não encontrada - /api/area/00000000-0000-0000-0000-000000000000 - ::ffff:127.0.0.1 "}
{"level":"error","message":"Aqui o erro: Área não encontrada - /api/area/00000000-0000-0000-0000-000000000000 - ::ffff:127.0.0.1 "}
{"level":"error","message":"Aqui o erro: Área não encontrada - /api/area/00000000-0000-0000-0000-000000000000 - ::ffff:127.0.0.1 "}
{"level":"error","message":"Aqui o erro: Área não encontrada - /api/area/79b949a8-6fc7-4976-b238-855c171066b5 - ::ffff:127.0.0.1 "}
{"level":"error","message":"Aqui o erro: invalid input syntax for type uuid: \"undefined\" - /api/area/undefined - ::ffff:127.0.0.1 "}
{"level":"error","message":"Aqui o erro: Área não encontrada - /api/area/00000000-0000-0000-0000-000000000000 - ::ffff:127.0.0.1 "}
{"level":"error","message":"Aqui o erro: invalid input syntax for type uuid: \"undefined\" - /api/area/undefined - ::ffff:127.0.0.1 "}
{"level":"error","message":"Aqui o erro: Área não encontrada - /api/area/00000000-0000-0000-0000-000000000000 - ::ffff:127.0.0.1 "}
{"level":"error","message":"Aqui o erro: Área não encontrada - /api/area/00000000-0000-0000-0000-000000000000 - ::ffff:127.0.0.1 "}
{"level":"error","message":"Aqui o erro: Área não encontrada - /api/area/00000000-0000-0000-0000-000000000000 - ::ffff:127.0.0.1 "}
{"level":"error","message":"Aqui o erro: Área não encontrada - /api/area/e826c5be-5503-469f-bca1-c5b6970b55db - ::ffff:127.0.0.1 "}
